Release 14.7 - xst P.20131013 (nt64)
Copyright (c) 1995-2013 Xilinx, Inc.  All rights reserved.
--> Parameter TMPDIR set to xst/projnav.tmp


Total REAL time to Xst completion: 0.00 secs
Total CPU time to Xst completion: 0.15 secs
 
--> Parameter xsthdpdir set to xst


Total REAL time to Xst completion: 0.00 secs
Total CPU time to Xst completion: 0.16 secs
 
--> Reading design: datapath.prj

TABLE OF CONTENTS
  1) Synthesis Options Summary
  2) HDL Parsing
  3) HDL Elaboration
  4) HDL Synthesis
       4.1) HDL Synthesis Report
  5) Advanced HDL Synthesis
       5.1) Advanced HDL Synthesis Report
  6) Low Level Synthesis
  7) Partition Report
  8) Design Summary
       8.1) Primitive and Black Box Usage
       8.2) Device utilization summary
       8.3) Partition Resource Summary
       8.4) Timing Report
            8.4.1) Clock Information
            8.4.2) Asynchronous Control Signals Information
            8.4.3) Timing Summary
            8.4.4) Timing Details
            8.4.5) Cross Clock Domains Report


=========================================================================
*                      Synthesis Options Summary                        *
=========================================================================
---- Source Parameters
Input File Name                    : "datapath.prj"
Ignore Synthesis Constraint File   : NO

---- Target Parameters
Output File Name                   : "datapath"
Output Format                      : NGC
Target Device                      : xc6slx16-3-csg324

---- Source Options
Top Module Name                    : datapath
Automatic FSM Extraction           : YES
FSM Encoding Algorithm             : Auto
Safe Implementation                : No
FSM Style                          : LUT
RAM Extraction                     : Yes
RAM Style                          : Auto
ROM Extraction                     : Yes
Shift Register Extraction          : YES
ROM Style                          : Auto
Resource Sharing                   : YES
Asynchronous To Synchronous        : NO
Shift Register Minimum Size        : 2
Use DSP Block                      : Auto
Automatic Register Balancing       : No

---- Target Options
LUT Combining                      : Auto
Reduce Control Sets                : Auto
Add IO Buffers                     : YES
Global Maximum Fanout              : 100000
Add Generic Clock Buffer(BUFG)     : 16
Register Duplication               : YES
Optimize Instantiated Primitives   : NO
Use Clock Enable                   : Auto
Use Synchronous Set                : Auto
Use Synchronous Reset              : Auto
Pack IO Registers into IOBs        : Auto
Equivalent register Removal        : YES

---- General Options
Optimization Goal                  : Speed
Optimization Effort                : 1
Power Reduction                    : NO
Keep Hierarchy                     : No
Netlist Hierarchy                  : As_Optimized
RTL Output                         : Yes
Global Optimization                : AllClockNets
Read Cores                         : YES
Write Timing Constraints           : NO
Cross Clock Analysis               : NO
Hierarchy Separator                : /
Bus Delimiter                      : <>
Case Specifier                     : Maintain
Slice Utilization Ratio            : 100
BRAM Utilization Ratio             : 100
DSP48 Utilization Ratio            : 100
Auto BRAM Packing                  : NO
Slice Utilization Ratio Delta      : 5

---- Other Options
Cores Search Directories           : {"ipcore_dir"  }

=========================================================================


=========================================================================
*                          HDL Parsing                                  *
=========================================================================
Parsing VHDL file "D:\Leo\GitHub\trab2-sd\Datapath\ipcore_dir\memoriaNeander.vhd" into library work
Parsing entity <memoriaNeander>.
Parsing architecture <memoriaNeander_a> of entity <memorianeander>.
Parsing VHDL file "D:\Leo\GitHub\trab2-sd\Datapath\datapath.vhd" into library work
Parsing entity <datapath>.
Parsing architecture <Behavioral> of entity <datapath>.

=========================================================================
*                            HDL Elaboration                            *
=========================================================================

Elaborating entity <datapath> (architecture <Behavioral>) from library <work>.

Elaborating entity <memoriaNeander> (architecture <memoriaNeander_a>) from library <work>.
INFO:HDLCompiler:679 - "D:\Leo\GitHub\trab2-sd\Datapath\datapath.vhd" Line 154. Case statement is complete. others clause is never selected
WARNING:HDLCompiler:634 - "D:\Leo\GitHub\trab2-sd\Datapath\datapath.vhd" Line 57: Net <AC[7]> does not have a driver.
WARNING:HDLCompiler:634 - "D:\Leo\GitHub\trab2-sd\Datapath\datapath.vhd" Line 61: Net <PC[7]> does not have a driver.

=========================================================================
*                           HDL Synthesis                               *
=========================================================================

Synthesizing Unit <datapath>.
    Related source file is "D:\Leo\GitHub\trab2-sd\Datapath\datapath.vhd".
WARNING:Xst:647 - Input <selUAL> is never used. This port will be preserved and left unconnected if it belongs to a top-level block or it belongs to a sub-block and the hierarchy of this sub-block is preserved.
WARNING:Xst:647 - Input <cargaAC> is never used. This port will be preserved and left unconnected if it belongs to a top-level block or it belongs to a sub-block and the hierarchy of this sub-block is preserved.
WARNING:Xst:647 - Input <cargaPC> is never used. This port will be preserved and left unconnected if it belongs to a top-level block or it belongs to a sub-block and the hierarchy of this sub-block is preserved.
WARNING:Xst:647 - Input <incrementaPC> is never used. This port will be preserved and left unconnected if it belongs to a top-level block or it belongs to a sub-block and the hierarchy of this sub-block is preserved.
WARNING:Xst:653 - Signal <AC> is used but never assigned. This sourceless signal will be automatically connected to value GND.
WARNING:Xst:653 - Signal <PC> is used but never assigned. This sourceless signal will be automatically connected to value GND.
    Found 2-bit register for signal <outNZ>.
    Found 8-bit register for signal <outRDM>.
    Found 8-bit register for signal <outREM>.
    Found 8-bit register for signal <opcode>.
    Found 8-bit register for signal <decoder>.
    Summary:
	inferred  34 D-type flip-flop(s).
	inferred  10 Multiplexer(s).
Unit <datapath> synthesized.

=========================================================================
HDL Synthesis Report

Macro Statistics
# Registers                                            : 5
 2-bit register                                        : 1
 8-bit register                                        : 4
# Multiplexers                                         : 10
 1-bit 2-to-1 multiplexer                              : 2
 8-bit 2-to-1 multiplexer                              : 8

=========================================================================

=========================================================================
*                       Advanced HDL Synthesis                          *
=========================================================================

Reading core <ipcore_dir/memoriaNeander.ngc>.
Loading core <memoriaNeander> for timing and area information for instance <mem_neander>.
WARNING:Xst:2677 - Node <opcode_0> of sequential type is unconnected in block <datapath>.
WARNING:Xst:2677 - Node <opcode_1> of sequential type is unconnected in block <datapath>.
WARNING:Xst:2677 - Node <opcode_2> of sequential type is unconnected in block <datapath>.
WARNING:Xst:2677 - Node <opcode_3> of sequential type is unconnected in block <datapath>.
WARNING:Xst:2677 - Node <opcode_0> of sequential type is unconnected in block <datapath>.
WARNING:Xst:2677 - Node <opcode_1> of sequential type is unconnected in block <datapath>.
WARNING:Xst:2677 - Node <opcode_2> of sequential type is unconnected in block <datapath>.
WARNING:Xst:2677 - Node <opcode_3> of sequential type is unconnected in block <datapath>.

=========================================================================
Advanced HDL Synthesis Report

Macro Statistics
# Registers                                            : 30
 Flip-Flops                                            : 30
# Multiplexers                                         : 10
 1-bit 2-to-1 multiplexer                              : 2
 8-bit 2-to-1 multiplexer                              : 8

=========================================================================

=========================================================================
*                         Low Level Synthesis                           *
=========================================================================
WARNING:Xst:1710 - FF/Latch <regNZ_1> (without init value) has a constant value of 0 in block <datapath>. This FF/Latch will be trimmed during the optimization process.
WARNING:Xst:1895 - Due to other FF/Latch trimming, FF/Latch <decoder_0> (without init value) has a constant value of 0 in block <datapath>. This FF/Latch will be trimmed during the optimization process.
WARNING:Xst:1895 - Due to other FF/Latch trimming, FF/Latch <decoder_1> (without init value) has a constant value of 0 in block <datapath>. This FF/Latch will be trimmed during the optimization process.
WARNING:Xst:1895 - Due to other FF/Latch trimming, FF/Latch <decoder_2> (without init value) has a constant value of 0 in block <datapath>. This FF/Latch will be trimmed during the optimization process.
WARNING:Xst:1895 - Due to other FF/Latch trimming, FF/Latch <decoder_3> (without init value) has a constant value of 0 in block <datapath>. This FF/Latch will be trimmed during the optimization process.

Optimizing unit <datapath> ...

Mapping all equations...
Building and optimizing final netlist ...
Found area constraint ratio of 100 (+ 5) on block datapath, actual ratio is 0.

Final Macro Processing ...

=========================================================================
Final Register Report

Macro Statistics
# Registers                                            : 25
 Flip-Flops                                            : 25

=========================================================================

=========================================================================
*                           Partition Report                            *
=========================================================================

Partition Implementation Status
-------------------------------

  No Partitions were found in this design.

-------------------------------

=========================================================================
*                            Design Summary                             *
=========================================================================

Top Level Output File Name         : datapath.ngc

Primitive and Black Box Usage:
------------------------------
# BELS                             : 23
#      GND                         : 2
#      LUT2                        : 17
#      LUT3                        : 1
#      LUT4                        : 1
#      LUT5                        : 1
#      VCC                         : 1
# FlipFlops/Latches                : 25
#      FDC                         : 9
#      FDCE                        : 8
#      FDE                         : 8
# RAMS                             : 1
#      RAMB8BWER                   : 1
# Clock Buffers                    : 1
#      BUFGP                       : 1
# IO Buffers                       : 33
#      IBUF                        : 7
#      OBUF                        : 26

Device utilization summary:
---------------------------

Selected Device : 6slx16csg324-3 


Slice Logic Utilization: 
 Number of Slice Registers:              25  out of  18224     0%  
 Number of Slice LUTs:                   20  out of   9112     0%  
    Number used as Logic:                20  out of   9112     0%  

Slice Logic Distribution: 
 Number of LUT Flip Flop pairs used:     26
   Number with an unused Flip Flop:       1  out of     26     3%  
   Number with an unused LUT:             6  out of     26    23%  
   Number of fully used LUT-FF pairs:    19  out of     26    73%  
   Number of unique control sets:         3

IO Utilization: 
 Number of IOs:                          41
 Number of bonded IOBs:                  34  out of    232    14%  

Specific Feature Utilization:
 Number of Block RAM/FIFO:                1  out of     32     3%  
    Number using Block RAM only:          1
 Number of BUFG/BUFGCTRLs:                1  out of     16     6%  

---------------------------
Partition Resource Summary:
---------------------------

  No Partitions were found in this design.

---------------------------


=========================================================================
Timing Report

NOTE: THESE TIMING NUMBERS ARE ONLY A SYNTHESIS ESTIMATE.
      FOR ACCURATE TIMING INFORMATION PLEASE REFER TO THE TRACE REPORT
      GENERATED AFTER PLACE-and-ROUTE.

Clock Information:
------------------
-----------------------------------+------------------------+-------+
Clock Signal                       | Clock buffer(FF name)  | Load  |
-----------------------------------+------------------------+-------+
clk                                | BUFGP                  | 26    |
-----------------------------------+------------------------+-------+

Asynchronous Control Signals Information:
----------------------------------------
No asynchronous control signals found in this design

Timing Summary:
---------------
Speed Grade: -3

   Minimum period: 2.737ns (Maximum Frequency: 365.384MHz)
   Minimum input arrival time before clock: 3.472ns
   Maximum output required time after clock: 3.701ns
   Maximum combinational path delay: No path found

Timing Details:
---------------
All values displayed in nanoseconds (ns)

=========================================================================
Timing constraint: Default period analysis for Clock 'clk'
  Clock period: 2.737ns (frequency: 365.384MHz)
  Total number of paths / destination ports: 86 / 57
-------------------------------------------------------------------------
Delay:               2.737ns (Levels of Logic = 2)
  Source:            mem_neander/U0/xst_blk_mem_generator/gnativebmg.native_blk_mem_gen/valid.cstr/ramloop[0].ram.r/s6_init.ram/SP.WIDE_PRIM9.ram (RAM)
  Destination:       regRDM_4 (FF)
  Source Clock:      clk rising
  Destination Clock: clk rising

  Data Path: mem_neander/U0/xst_blk_mem_generator/gnativebmg.native_blk_mem_gen/valid.cstr/ramloop[0].ram.r/s6_init.ram/SP.WIDE_PRIM9.ram to regRDM_4
                                Gate     Net
    Cell:in->out      fanout   Delay   Delay  Logical Name (Net Name)
    ----------------------------------------  ------------
     RAMB8BWER:CLKBRDCLK->DOBDO0    1   1.850   0.580  U0/xst_blk_mem_generator/gnativebmg.native_blk_mem_gen/valid.cstr/ramloop[0].ram.r/s6_init.ram/SP.WIDE_PRIM9.ram (douta<4>)
     end scope: 'mem_neander:douta<4>'
     LUT2:I1->O            1   0.205   0.000  Mmux_AC[7]_saidaMem[7]_mux_7_OUT51 (AC[7]_saidaMem[7]_mux_7_OUT<4>)
     FDC:D                     0.102          regRDM_4
    ----------------------------------------
    Total                      2.737ns (2.157ns logic, 0.580ns route)
                                       (78.8% logic, 21.2% route)

=========================================================================
Timing constraint: Default OFFSET IN BEFORE for Clock 'clk'
  Total number of paths / destination ports: 54 / 54
-------------------------------------------------------------------------
Offset:              3.472ns (Levels of Logic = 2)
  Source:            cargaRI (PAD)
  Destination:       opcode_4 (FF)
  Destination Clock: clk rising

  Data Path: cargaRI to opcode_4
                                Gate     Net
    Cell:in->out      fanout   Delay   Delay  Logical Name (Net Name)
    ----------------------------------------  ------------
     IBUF:I->O             1   1.222   0.924  cargaRI_IBUF (cargaRI_IBUF)
     LUT5:I0->O            8   0.203   0.802  _n0059_inv1 (_n0059_inv)
     FDE:CE                    0.322          opcode_4
    ----------------------------------------
    Total                      3.472ns (1.747ns logic, 1.725ns route)
                                       (50.3% logic, 49.7% route)

=========================================================================
Timing constraint: Default OFFSET OUT AFTER for Clock 'clk'
  Total number of paths / destination ports: 21 / 21
-------------------------------------------------------------------------
Offset:              3.701ns (Levels of Logic = 1)
  Source:            regRDM_7 (FF)
  Destination:       outRDM<7> (PAD)
  Source Clock:      clk rising

  Data Path: regRDM_7 to outRDM<7>
                                Gate     Net
    Cell:in->out      fanout   Delay   Delay  Logical Name (Net Name)
    ----------------------------------------  ------------
     FDC:C->Q              4   0.447   0.683  regRDM_7 (regRDM_7)
     OBUF:I->O                 2.571          outRDM_7_OBUF (outRDM<7>)
    ----------------------------------------
    Total                      3.701ns (3.018ns logic, 0.683ns route)
                                       (81.6% logic, 18.4% route)

=========================================================================

Cross Clock Domains Report:
--------------------------

Clock to Setup on destination clock clk
---------------+---------+---------+---------+---------+
               | Src:Rise| Src:Fall| Src:Rise| Src:Fall|
Source Clock   |Dest:Rise|Dest:Rise|Dest:Fall|Dest:Fall|
---------------+---------+---------+---------+---------+
clk            |    2.737|         |         |         |
---------------+---------+---------+---------+---------+

=========================================================================


Total REAL time to Xst completion: 10.00 secs
Total CPU time to Xst completion: 9.89 secs
 
--> 

Total memory usage is 4523208 kilobytes

Number of errors   :    0 (   0 filtered)
Number of warnings :   21 (   0 filtered)
Number of infos    :    0 (   0 filtered)

